--------------------------------------------------------------------------------------
Timing Analyzer Summary
--------------------------------------------------------------------------------------

Type           : Worst-case tsu
Slack          : N/A
Required Time  : None
Actual Time    : 2.155 ns
From           : Day1
To             : fsm:Lampu|Counter[3]
From Clock     : --
To Clock       : Clock1
Failed Paths   : 0

Type           : Worst-case tco
Slack          : N/A
Required Time  : None
Actual Time    : 11.095 ns
From           : fsm:Lampu|M_BT
To             : M_BT1
From Clock     : Clock1
To Clock       : --
Failed Paths   : 0

Type           : Worst-case th
Slack          : N/A
Required Time  : None
Actual Time    : 2.112 ns
From           : Reset1
To             : fsm:Lampu|H_BT
From Clock     : --
To Clock       : Clock1
Failed Paths   : 0

Type           : Clock Setup: 'Clock1'
Slack          : N/A
Required Time  : None
Actual Time    : 225.84 MHz ( period = 4.428 ns )
From           : CLOCKDIV:Waktu|count[4]
To             : CLOCKDIV:Waktu|count[13]
From Clock     : Clock1
To Clock       : Clock1
Failed Paths   : 0

Type           : Total number of failed paths
Slack          : 
Required Time  : 
Actual Time    : 
From           : 
To             : 
From Clock     : 
To Clock       : 
Failed Paths   : 0

--------------------------------------------------------------------------------------

