Simulator report for topleveltubes
Sun Nov 17 20:11:11 2019
Quartus II Version 9.0 Build 235 06/17/2009 Service Pack 2 SJ Web Edition


---------------------
; Table of Contents ;
---------------------
  1. Legal Notice
  2. Simulator Summary
  3. Simulator Settings
  4. Simulation Waveforms
  5. Coverage Summary
  6. Complete 1/0-Value Coverage
  7. Missing 1-Value Coverage
  8. Missing 0-Value Coverage
  9. Simulator INI Usage
 10. Simulator Messages



----------------
; Legal Notice ;
----------------
Copyright (C) 1991-2009 Altera Corporation
Your use of Altera Corporation's design tools, logic functions 
and other software and tools, and its AMPP partner logic 
functions, and any output files from any of the foregoing 
(including device programming or simulation files), and any 
associated documentation or information are expressly subject 
to the terms and conditions of the Altera Program License 
Subscription Agreement, Altera MegaCore Function License 
Agreement, or other applicable license agreement, including, 
without limitation, that your use is for the sole purpose of 
programming logic devices manufactured by Altera and sold by 
Altera or its authorized distributors.  Please refer to the 
applicable agreement for further details.



+--------------------------------------------+
; Simulator Summary                          ;
+-----------------------------+--------------+
; Type                        ; Value        ;
+-----------------------------+--------------+
; Simulation Start Time       ; 0 ps         ;
; Simulation End Time         ; 1.0 us       ;
; Simulation Netlist Size     ; 138 nodes    ;
; Simulation Coverage         ;      33.93 % ;
; Total Number of Transitions ; 1706         ;
; Simulation Breakpoints      ; 0            ;
; Family                      ; Cyclone II   ;
; Device                      ; EP2C50F484C7 ;
+-----------------------------+--------------+


+---------------------------------------------------------------------------------------------------------------------------+
; Simulator Settings                                                                                                        ;
+--------------------------------------------------------------------------------------------+--------------+---------------+
; Option                                                                                     ; Setting      ; Default Value ;
+--------------------------------------------------------------------------------------------+--------------+---------------+
; Simulation mode                                                                            ; Timing       ; Timing        ;
; Start time                                                                                 ; 0 ns         ; 0 ns          ;
; Simulation results format                                                                  ; CVWF         ;               ;
; Vector input source                                                                        ; simulate.vwf ;               ;
; Add pins automatically to simulation output waveforms                                      ; On           ; On            ;
; Check outputs                                                                              ; Off          ; Off           ;
; Report simulation coverage                                                                 ; On           ; On            ;
; Display complete 1/0 value coverage report                                                 ; On           ; On            ;
; Display missing 1-value coverage report                                                    ; On           ; On            ;
; Display missing 0-value coverage report                                                    ; On           ; On            ;
; Detect setup and hold time violations                                                      ; Off          ; Off           ;
; Detect glitches                                                                            ; Off          ; Off           ;
; Disable timing delays in Timing Simulation                                                 ; Off          ; Off           ;
; Generate Signal Activity File                                                              ; Off          ; Off           ;
; Generate VCD File for PowerPlay Power Analyzer                                             ; Off          ; Off           ;
; Group bus channels in simulation results                                                   ; Off          ; Off           ;
; Preserve fewer signal transitions to reduce memory requirements                            ; On           ; On            ;
; Trigger vector comparison with the specified mode                                          ; INPUT_EDGE   ; INPUT_EDGE    ;
; Disable setup and hold time violations detection in input registers of bi-directional pins ; Off          ; Off           ;
; Overwrite Waveform Inputs With Simulation Outputs                                          ; On           ;               ;
; Perform Glitch Filtering in Timing Simulation                                              ; Auto         ; Auto          ;
+--------------------------------------------------------------------------------------------+--------------+---------------+


+----------------------+
; Simulation Waveforms ;
+----------------------+
Waveform report data cannot be output to ASCII.
Please use Quartus II to view the waveform report data.


+--------------------------------------------------------------------+
; Coverage Summary                                                   ;
+-----------------------------------------------------+--------------+
; Type                                                ; Value        ;
+-----------------------------------------------------+--------------+
; Total coverage as a percentage                      ;      33.93 % ;
; Total nodes checked                                 ; 138          ;
; Total output ports checked                          ; 168          ;
; Total output ports with complete 1/0-value coverage ; 57           ;
; Total output ports with no 1/0-value coverage       ; 111          ;
; Total output ports with no 1-value coverage         ; 111          ;
; Total output ports with no 0-value coverage         ; 111          ;
+-----------------------------------------------------+--------------+


The following table displays output ports that toggle between 1 and 0 during simulation.
+----------------------------------------------------------------------------------------------------------------+
; Complete 1/0-Value Coverage                                                                                    ;
+----------------------------------------------+----------------------------------------------+------------------+
; Node Name                                    ; Output Port Name                             ; Output Port Type ;
+----------------------------------------------+----------------------------------------------+------------------+
; |topleveltubes|CLOCKDIV:Waktu|count[0]       ; |topleveltubes|CLOCKDIV:Waktu|count[0]       ; regout           ;
; |topleveltubes|CLOCKDIV:Waktu|count[0]~64    ; |topleveltubes|CLOCKDIV:Waktu|count[0]~64    ; combout          ;
; |topleveltubes|CLOCKDIV:Waktu|count[0]~64    ; |topleveltubes|CLOCKDIV:Waktu|count[0]~65    ; cout             ;
; |topleveltubes|CLOCKDIV:Waktu|count[1]~66    ; |topleveltubes|CLOCKDIV:Waktu|count[1]~66    ; combout          ;
; |topleveltubes|Traffic:Lampu|M_US            ; |topleveltubes|Traffic:Lampu|M_US            ; regout           ;
; |topleveltubes|Traffic:Lampu|K_US            ; |topleveltubes|Traffic:Lampu|K_US            ; regout           ;
; |topleveltubes|Traffic:Lampu|H_US            ; |topleveltubes|Traffic:Lampu|H_US            ; regout           ;
; |topleveltubes|Traffic:Lampu|M_BT            ; |topleveltubes|Traffic:Lampu|M_BT            ; regout           ;
; |topleveltubes|Traffic:Lampu|K_BT            ; |topleveltubes|Traffic:Lampu|K_BT            ; regout           ;
; |topleveltubes|Traffic:Lampu|H_BT            ; |topleveltubes|Traffic:Lampu|H_BT            ; regout           ;
; |topleveltubes|Traffic:Lampu|CurrentState.S1 ; |topleveltubes|Traffic:Lampu|CurrentState.S1 ; regout           ;
; |topleveltubes|Traffic:Lampu|CurrentState.S0 ; |topleveltubes|Traffic:Lampu|CurrentState.S0 ; regout           ;
; |topleveltubes|Traffic:Lampu|M_US~0          ; |topleveltubes|Traffic:Lampu|M_US~0          ; combout          ;
; |topleveltubes|CLOCKDIV:Waktu|DIVOUT         ; |topleveltubes|CLOCKDIV:Waktu|DIVOUT         ; regout           ;
; |topleveltubes|Traffic:Lampu|CurrentState.S3 ; |topleveltubes|Traffic:Lampu|CurrentState.S3 ; regout           ;
; |topleveltubes|Traffic:Lampu|K_US~0          ; |topleveltubes|Traffic:Lampu|K_US~0          ; combout          ;
; |topleveltubes|Traffic:Lampu|CurrentState.S2 ; |topleveltubes|Traffic:Lampu|CurrentState.S2 ; regout           ;
; |topleveltubes|Traffic:Lampu|M_BT~0          ; |topleveltubes|Traffic:Lampu|M_BT~0          ; combout          ;
; |topleveltubes|Traffic:Lampu|K_BT~0          ; |topleveltubes|Traffic:Lampu|K_BT~0          ; combout          ;
; |topleveltubes|Traffic:Lampu|Counter[2]      ; |topleveltubes|Traffic:Lampu|Counter[2]      ; regout           ;
; |topleveltubes|Traffic:Lampu|Selector1~0     ; |topleveltubes|Traffic:Lampu|Selector1~0     ; combout          ;
; |topleveltubes|Traffic:Lampu|Counter[1]      ; |topleveltubes|Traffic:Lampu|Counter[1]      ; regout           ;
; |topleveltubes|Traffic:Lampu|Counter[0]      ; |topleveltubes|Traffic:Lampu|Counter[0]      ; regout           ;
; |topleveltubes|Traffic:Lampu|Selector0~0     ; |topleveltubes|Traffic:Lampu|Selector0~0     ; combout          ;
; |topleveltubes|Traffic:Lampu|CurrentState~29 ; |topleveltubes|Traffic:Lampu|CurrentState~29 ; combout          ;
; |topleveltubes|Traffic:Lampu|Selector1~1     ; |topleveltubes|Traffic:Lampu|Selector1~1     ; combout          ;
; |topleveltubes|Traffic:Lampu|CurrentState~30 ; |topleveltubes|Traffic:Lampu|CurrentState~30 ; combout          ;
; |topleveltubes|Traffic:Lampu|Selector3~0     ; |topleveltubes|Traffic:Lampu|Selector3~0     ; combout          ;
; |topleveltubes|Traffic:Lampu|Selector0~2     ; |topleveltubes|Traffic:Lampu|Selector0~2     ; combout          ;
; |topleveltubes|Traffic:Lampu|Selector0~3     ; |topleveltubes|Traffic:Lampu|Selector0~3     ; combout          ;
; |topleveltubes|CLOCKDIV:Waktu|LessThan0~0    ; |topleveltubes|CLOCKDIV:Waktu|LessThan0~0    ; combout          ;
; |topleveltubes|CLOCKDIV:Waktu|LessThan0~4    ; |topleveltubes|CLOCKDIV:Waktu|LessThan0~4    ; combout          ;
; |topleveltubes|CLOCKDIV:Waktu|LessThan0~10   ; |topleveltubes|CLOCKDIV:Waktu|LessThan0~10   ; combout          ;
; |topleveltubes|CLOCKDIV:Waktu|DIVOUT~0       ; |topleveltubes|CLOCKDIV:Waktu|DIVOUT~0       ; combout          ;
; |topleveltubes|Traffic:Lampu|Selector3~1     ; |topleveltubes|Traffic:Lampu|Selector3~1     ; combout          ;
; |topleveltubes|Traffic:Lampu|Selector3~2     ; |topleveltubes|Traffic:Lampu|Selector3~2     ; combout          ;
; |topleveltubes|Traffic:Lampu|Selector2~0     ; |topleveltubes|Traffic:Lampu|Selector2~0     ; combout          ;
; |topleveltubes|Traffic:Lampu|Selector2~1     ; |topleveltubes|Traffic:Lampu|Selector2~1     ; combout          ;
; |topleveltubes|Traffic:Lampu|Counter[3]~45   ; |topleveltubes|Traffic:Lampu|Counter[3]~45   ; combout          ;
; |topleveltubes|Traffic:Lampu|Counter[3]~46   ; |topleveltubes|Traffic:Lampu|Counter[3]~46   ; combout          ;
; |topleveltubes|Traffic:Lampu|Counter[3]~47   ; |topleveltubes|Traffic:Lampu|Counter[3]~47   ; combout          ;
; |topleveltubes|Traffic:Lampu|Counter[3]~48   ; |topleveltubes|Traffic:Lampu|Counter[3]~48   ; combout          ;
; |topleveltubes|Traffic:Lampu|Selector6~0     ; |topleveltubes|Traffic:Lampu|Selector6~0     ; combout          ;
; |topleveltubes|Traffic:Lampu|Selector8~0     ; |topleveltubes|Traffic:Lampu|Selector8~0     ; combout          ;
; |topleveltubes|Traffic:Lampu|Selector9~1     ; |topleveltubes|Traffic:Lampu|Selector9~1     ; combout          ;
; |topleveltubes|Traffic:Lampu|Selector5~0     ; |topleveltubes|Traffic:Lampu|Selector5~0     ; combout          ;
; |topleveltubes|Traffic:Lampu|Selector7~2     ; |topleveltubes|Traffic:Lampu|Selector7~2     ; combout          ;
; |topleveltubes|Traffic:Lampu|H_BT~0          ; |topleveltubes|Traffic:Lampu|H_BT~0          ; combout          ;
; |topleveltubes|M_US1                         ; |topleveltubes|M_US1                         ; padio            ;
; |topleveltubes|K_US1                         ; |topleveltubes|K_US1                         ; padio            ;
; |topleveltubes|H_US1                         ; |topleveltubes|H_US1                         ; padio            ;
; |topleveltubes|M_BT1                         ; |topleveltubes|M_BT1                         ; padio            ;
; |topleveltubes|K_BT1                         ; |topleveltubes|K_BT1                         ; padio            ;
; |topleveltubes|H_BT1                         ; |topleveltubes|H_BT1                         ; padio            ;
; |topleveltubes|Clock1                        ; |topleveltubes|Clock1~corein                 ; combout          ;
; |topleveltubes|Clock1~clkctrl                ; |topleveltubes|Clock1~clkctrl                ; outclk           ;
; |topleveltubes|CLOCKDIV:Waktu|DIVOUT~clkctrl ; |topleveltubes|CLOCKDIV:Waktu|DIVOUT~clkctrl ; outclk           ;
+----------------------------------------------+----------------------------------------------+------------------+


The following table displays output ports that do not toggle to 1 during simulation.
+----------------------------------------------------------------------------------------------------------------+
; Missing 1-Value Coverage                                                                                       ;
+----------------------------------------------+----------------------------------------------+------------------+
; Node Name                                    ; Output Port Name                             ; Output Port Type ;
+----------------------------------------------+----------------------------------------------+------------------+
; |topleveltubes|CLOCKDIV:Waktu|count[31]      ; |topleveltubes|CLOCKDIV:Waktu|count[31]      ; regout           ;
; |topleveltubes|CLOCKDIV:Waktu|count[1]       ; |topleveltubes|CLOCKDIV:Waktu|count[1]       ; regout           ;
; |topleveltubes|CLOCKDIV:Waktu|count[2]       ; |topleveltubes|CLOCKDIV:Waktu|count[2]       ; regout           ;
; |topleveltubes|CLOCKDIV:Waktu|count[3]       ; |topleveltubes|CLOCKDIV:Waktu|count[3]       ; regout           ;
; |topleveltubes|CLOCKDIV:Waktu|count[4]       ; |topleveltubes|CLOCKDIV:Waktu|count[4]       ; regout           ;
; |topleveltubes|CLOCKDIV:Waktu|count[5]       ; |topleveltubes|CLOCKDIV:Waktu|count[5]       ; regout           ;
; |topleveltubes|CLOCKDIV:Waktu|count[6]       ; |topleveltubes|CLOCKDIV:Waktu|count[6]       ; regout           ;
; |topleveltubes|CLOCKDIV:Waktu|count[7]       ; |topleveltubes|CLOCKDIV:Waktu|count[7]       ; regout           ;
; |topleveltubes|CLOCKDIV:Waktu|count[8]       ; |topleveltubes|CLOCKDIV:Waktu|count[8]       ; regout           ;
; |topleveltubes|CLOCKDIV:Waktu|count[9]       ; |topleveltubes|CLOCKDIV:Waktu|count[9]       ; regout           ;
; |topleveltubes|CLOCKDIV:Waktu|count[10]      ; |topleveltubes|CLOCKDIV:Waktu|count[10]      ; regout           ;
; |topleveltubes|CLOCKDIV:Waktu|count[11]      ; |topleveltubes|CLOCKDIV:Waktu|count[11]      ; regout           ;
; |topleveltubes|CLOCKDIV:Waktu|count[12]      ; |topleveltubes|CLOCKDIV:Waktu|count[12]      ; regout           ;
; |topleveltubes|CLOCKDIV:Waktu|count[13]      ; |topleveltubes|CLOCKDIV:Waktu|count[13]      ; regout           ;
; |topleveltubes|CLOCKDIV:Waktu|count[14]      ; |topleveltubes|CLOCKDIV:Waktu|count[14]      ; regout           ;
; |topleveltubes|CLOCKDIV:Waktu|count[15]      ; |topleveltubes|CLOCKDIV:Waktu|count[15]      ; regout           ;
; |topleveltubes|CLOCKDIV:Waktu|count[16]      ; |topleveltubes|CLOCKDIV:Waktu|count[16]      ; regout           ;
; |topleveltubes|CLOCKDIV:Waktu|count[17]      ; |topleveltubes|CLOCKDIV:Waktu|count[17]      ; regout           ;
; |topleveltubes|CLOCKDIV:Waktu|count[20]      ; |topleveltubes|CLOCKDIV:Waktu|count[20]      ; regout           ;
; |topleveltubes|CLOCKDIV:Waktu|count[21]      ; |topleveltubes|CLOCKDIV:Waktu|count[21]      ; regout           ;
; |topleveltubes|CLOCKDIV:Waktu|count[22]      ; |topleveltubes|CLOCKDIV:Waktu|count[22]      ; regout           ;
; |topleveltubes|CLOCKDIV:Waktu|count[23]      ; |topleveltubes|CLOCKDIV:Waktu|count[23]      ; regout           ;
; |topleveltubes|CLOCKDIV:Waktu|count[18]      ; |topleveltubes|CLOCKDIV:Waktu|count[18]      ; regout           ;
; |topleveltubes|CLOCKDIV:Waktu|count[19]      ; |topleveltubes|CLOCKDIV:Waktu|count[19]      ; regout           ;
; |topleveltubes|CLOCKDIV:Waktu|count[24]      ; |topleveltubes|CLOCKDIV:Waktu|count[24]      ; regout           ;
; |topleveltubes|CLOCKDIV:Waktu|count[25]      ; |topleveltubes|CLOCKDIV:Waktu|count[25]      ; regout           ;
; |topleveltubes|CLOCKDIV:Waktu|count[26]      ; |topleveltubes|CLOCKDIV:Waktu|count[26]      ; regout           ;
; |topleveltubes|CLOCKDIV:Waktu|count[27]      ; |topleveltubes|CLOCKDIV:Waktu|count[27]      ; regout           ;
; |topleveltubes|CLOCKDIV:Waktu|count[28]      ; |topleveltubes|CLOCKDIV:Waktu|count[28]      ; regout           ;
; |topleveltubes|CLOCKDIV:Waktu|count[29]      ; |topleveltubes|CLOCKDIV:Waktu|count[29]      ; regout           ;
; |topleveltubes|CLOCKDIV:Waktu|count[30]      ; |topleveltubes|CLOCKDIV:Waktu|count[30]      ; regout           ;
; |topleveltubes|CLOCKDIV:Waktu|count[1]~66    ; |topleveltubes|CLOCKDIV:Waktu|count[1]~67    ; cout             ;
; |topleveltubes|CLOCKDIV:Waktu|count[2]~68    ; |topleveltubes|CLOCKDIV:Waktu|count[2]~68    ; combout          ;
; |topleveltubes|CLOCKDIV:Waktu|count[2]~68    ; |topleveltubes|CLOCKDIV:Waktu|count[2]~69    ; cout             ;
; |topleveltubes|CLOCKDIV:Waktu|count[3]~70    ; |topleveltubes|CLOCKDIV:Waktu|count[3]~70    ; combout          ;
; |topleveltubes|CLOCKDIV:Waktu|count[3]~70    ; |topleveltubes|CLOCKDIV:Waktu|count[3]~71    ; cout             ;
; |topleveltubes|CLOCKDIV:Waktu|count[4]~72    ; |topleveltubes|CLOCKDIV:Waktu|count[4]~72    ; combout          ;
; |topleveltubes|CLOCKDIV:Waktu|count[4]~72    ; |topleveltubes|CLOCKDIV:Waktu|count[4]~73    ; cout             ;
; |topleveltubes|CLOCKDIV:Waktu|count[5]~74    ; |topleveltubes|CLOCKDIV:Waktu|count[5]~74    ; combout          ;
; |topleveltubes|CLOCKDIV:Waktu|count[5]~74    ; |topleveltubes|CLOCKDIV:Waktu|count[5]~75    ; cout             ;
; |topleveltubes|CLOCKDIV:Waktu|count[6]~76    ; |topleveltubes|CLOCKDIV:Waktu|count[6]~76    ; combout          ;
; |topleveltubes|CLOCKDIV:Waktu|count[6]~76    ; |topleveltubes|CLOCKDIV:Waktu|count[6]~77    ; cout             ;
; |topleveltubes|CLOCKDIV:Waktu|count[7]~78    ; |topleveltubes|CLOCKDIV:Waktu|count[7]~78    ; combout          ;
; |topleveltubes|CLOCKDIV:Waktu|count[7]~78    ; |topleveltubes|CLOCKDIV:Waktu|count[7]~79    ; cout             ;
; |topleveltubes|CLOCKDIV:Waktu|count[8]~80    ; |topleveltubes|CLOCKDIV:Waktu|count[8]~80    ; combout          ;
; |topleveltubes|CLOCKDIV:Waktu|count[8]~80    ; |topleveltubes|CLOCKDIV:Waktu|count[8]~81    ; cout             ;
; |topleveltubes|CLOCKDIV:Waktu|count[9]~82    ; |topleveltubes|CLOCKDIV:Waktu|count[9]~82    ; combout          ;
; |topleveltubes|CLOCKDIV:Waktu|count[9]~82    ; |topleveltubes|CLOCKDIV:Waktu|count[9]~83    ; cout             ;
; |topleveltubes|CLOCKDIV:Waktu|count[10]~84   ; |topleveltubes|CLOCKDIV:Waktu|count[10]~84   ; combout          ;
; |topleveltubes|CLOCKDIV:Waktu|count[10]~84   ; |topleveltubes|CLOCKDIV:Waktu|count[10]~85   ; cout             ;
; |topleveltubes|CLOCKDIV:Waktu|count[11]~86   ; |topleveltubes|CLOCKDIV:Waktu|count[11]~86   ; combout          ;
; |topleveltubes|CLOCKDIV:Waktu|count[11]~86   ; |topleveltubes|CLOCKDIV:Waktu|count[11]~87   ; cout             ;
; |topleveltubes|CLOCKDIV:Waktu|count[12]~88   ; |topleveltubes|CLOCKDIV:Waktu|count[12]~88   ; combout          ;
; |topleveltubes|CLOCKDIV:Waktu|count[12]~88   ; |topleveltubes|CLOCKDIV:Waktu|count[12]~89   ; cout             ;
; |topleveltubes|CLOCKDIV:Waktu|count[13]~90   ; |topleveltubes|CLOCKDIV:Waktu|count[13]~90   ; combout          ;
; |topleveltubes|CLOCKDIV:Waktu|count[13]~90   ; |topleveltubes|CLOCKDIV:Waktu|count[13]~91   ; cout             ;
; |topleveltubes|CLOCKDIV:Waktu|count[14]~92   ; |topleveltubes|CLOCKDIV:Waktu|count[14]~92   ; combout          ;
; |topleveltubes|CLOCKDIV:Waktu|count[14]~92   ; |topleveltubes|CLOCKDIV:Waktu|count[14]~93   ; cout             ;
; |topleveltubes|CLOCKDIV:Waktu|count[15]~94   ; |topleveltubes|CLOCKDIV:Waktu|count[15]~94   ; combout          ;
; |topleveltubes|CLOCKDIV:Waktu|count[15]~94   ; |topleveltubes|CLOCKDIV:Waktu|count[15]~95   ; cout             ;
; |topleveltubes|CLOCKDIV:Waktu|count[16]~96   ; |topleveltubes|CLOCKDIV:Waktu|count[16]~96   ; combout          ;
; |topleveltubes|CLOCKDIV:Waktu|count[16]~96   ; |topleveltubes|CLOCKDIV:Waktu|count[16]~97   ; cout             ;
; |topleveltubes|CLOCKDIV:Waktu|count[17]~98   ; |topleveltubes|CLOCKDIV:Waktu|count[17]~98   ; combout          ;
; |topleveltubes|CLOCKDIV:Waktu|count[17]~98   ; |topleveltubes|CLOCKDIV:Waktu|count[17]~99   ; cout             ;
; |topleveltubes|CLOCKDIV:Waktu|count[18]~100  ; |topleveltubes|CLOCKDIV:Waktu|count[18]~100  ; combout          ;
; |topleveltubes|CLOCKDIV:Waktu|count[18]~100  ; |topleveltubes|CLOCKDIV:Waktu|count[18]~101  ; cout             ;
; |topleveltubes|CLOCKDIV:Waktu|count[19]~102  ; |topleveltubes|CLOCKDIV:Waktu|count[19]~102  ; combout          ;
; |topleveltubes|CLOCKDIV:Waktu|count[19]~102  ; |topleveltubes|CLOCKDIV:Waktu|count[19]~103  ; cout             ;
; |topleveltubes|CLOCKDIV:Waktu|count[20]~104  ; |topleveltubes|CLOCKDIV:Waktu|count[20]~104  ; combout          ;
; |topleveltubes|CLOCKDIV:Waktu|count[20]~104  ; |topleveltubes|CLOCKDIV:Waktu|count[20]~105  ; cout             ;
; |topleveltubes|CLOCKDIV:Waktu|count[21]~106  ; |topleveltubes|CLOCKDIV:Waktu|count[21]~106  ; combout          ;
; |topleveltubes|CLOCKDIV:Waktu|count[21]~106  ; |topleveltubes|CLOCKDIV:Waktu|count[21]~107  ; cout             ;
; |topleveltubes|CLOCKDIV:Waktu|count[22]~108  ; |topleveltubes|CLOCKDIV:Waktu|count[22]~108  ; combout          ;
; |topleveltubes|CLOCKDIV:Waktu|count[22]~108  ; |topleveltubes|CLOCKDIV:Waktu|count[22]~109  ; cout             ;
; |topleveltubes|CLOCKDIV:Waktu|count[23]~110  ; |topleveltubes|CLOCKDIV:Waktu|count[23]~110  ; combout          ;
; |topleveltubes|CLOCKDIV:Waktu|count[23]~110  ; |topleveltubes|CLOCKDIV:Waktu|count[23]~111  ; cout             ;
; |topleveltubes|CLOCKDIV:Waktu|count[24]~112  ; |topleveltubes|CLOCKDIV:Waktu|count[24]~112  ; combout          ;
; |topleveltubes|CLOCKDIV:Waktu|count[24]~112  ; |topleveltubes|CLOCKDIV:Waktu|count[24]~113  ; cout             ;
; |topleveltubes|CLOCKDIV:Waktu|count[25]~114  ; |topleveltubes|CLOCKDIV:Waktu|count[25]~114  ; combout          ;
; |topleveltubes|CLOCKDIV:Waktu|count[25]~114  ; |topleveltubes|CLOCKDIV:Waktu|count[25]~115  ; cout             ;
; |topleveltubes|CLOCKDIV:Waktu|count[26]~116  ; |topleveltubes|CLOCKDIV:Waktu|count[26]~116  ; combout          ;
; |topleveltubes|CLOCKDIV:Waktu|count[26]~116  ; |topleveltubes|CLOCKDIV:Waktu|count[26]~117  ; cout             ;
; |topleveltubes|CLOCKDIV:Waktu|count[27]~118  ; |topleveltubes|CLOCKDIV:Waktu|count[27]~118  ; combout          ;
; |topleveltubes|CLOCKDIV:Waktu|count[27]~118  ; |topleveltubes|CLOCKDIV:Waktu|count[27]~119  ; cout             ;
; |topleveltubes|CLOCKDIV:Waktu|count[28]~120  ; |topleveltubes|CLOCKDIV:Waktu|count[28]~120  ; combout          ;
; |topleveltubes|CLOCKDIV:Waktu|count[28]~120  ; |topleveltubes|CLOCKDIV:Waktu|count[28]~121  ; cout             ;
; |topleveltubes|CLOCKDIV:Waktu|count[29]~122  ; |topleveltubes|CLOCKDIV:Waktu|count[29]~122  ; combout          ;
; |topleveltubes|CLOCKDIV:Waktu|count[29]~122  ; |topleveltubes|CLOCKDIV:Waktu|count[29]~123  ; cout             ;
; |topleveltubes|CLOCKDIV:Waktu|count[30]~124  ; |topleveltubes|CLOCKDIV:Waktu|count[30]~124  ; combout          ;
; |topleveltubes|CLOCKDIV:Waktu|count[30]~124  ; |topleveltubes|CLOCKDIV:Waktu|count[30]~125  ; cout             ;
; |topleveltubes|CLOCKDIV:Waktu|count[31]~126  ; |topleveltubes|CLOCKDIV:Waktu|count[31]~126  ; combout          ;
; |topleveltubes|Traffic:Lampu|CurrentState.E0 ; |topleveltubes|Traffic:Lampu|CurrentState.E0 ; regout           ;
; |topleveltubes|Traffic:Lampu|Counter[3]      ; |topleveltubes|Traffic:Lampu|Counter[3]      ; regout           ;
; |topleveltubes|Traffic:Lampu|CurrentState.E1 ; |topleveltubes|Traffic:Lampu|CurrentState.E1 ; regout           ;
; |topleveltubes|Traffic:Lampu|Selector0~1     ; |topleveltubes|Traffic:Lampu|Selector0~1     ; combout          ;
; |topleveltubes|CLOCKDIV:Waktu|LessThan0~1    ; |topleveltubes|CLOCKDIV:Waktu|LessThan0~1    ; combout          ;
; |topleveltubes|CLOCKDIV:Waktu|LessThan0~2    ; |topleveltubes|CLOCKDIV:Waktu|LessThan0~2    ; combout          ;
; |topleveltubes|CLOCKDIV:Waktu|LessThan0~3    ; |topleveltubes|CLOCKDIV:Waktu|LessThan0~3    ; combout          ;
; |topleveltubes|CLOCKDIV:Waktu|LessThan0~5    ; |topleveltubes|CLOCKDIV:Waktu|LessThan0~5    ; combout          ;
; |topleveltubes|CLOCKDIV:Waktu|LessThan0~6    ; |topleveltubes|CLOCKDIV:Waktu|LessThan0~6    ; combout          ;
; |topleveltubes|CLOCKDIV:Waktu|LessThan0~7    ; |topleveltubes|CLOCKDIV:Waktu|LessThan0~7    ; combout          ;
; |topleveltubes|CLOCKDIV:Waktu|LessThan0~8    ; |topleveltubes|CLOCKDIV:Waktu|LessThan0~8    ; combout          ;
; |topleveltubes|CLOCKDIV:Waktu|LessThan0~9    ; |topleveltubes|CLOCKDIV:Waktu|LessThan0~9    ; combout          ;
; |topleveltubes|Traffic:Lampu|Counter[3]~44   ; |topleveltubes|Traffic:Lampu|Counter[3]~44   ; combout          ;
; |topleveltubes|Traffic:Lampu|Selector4~0     ; |topleveltubes|Traffic:Lampu|Selector4~0     ; combout          ;
; |topleveltubes|Traffic:Lampu|Selector4~1     ; |topleveltubes|Traffic:Lampu|Selector4~1     ; combout          ;
; |topleveltubes|Traffic:Lampu|Selector5~1     ; |topleveltubes|Traffic:Lampu|Selector5~1     ; combout          ;
; |topleveltubes|Reset1                        ; |topleveltubes|Reset1~corein                 ; combout          ;
; |topleveltubes|Day1                          ; |topleveltubes|Day1~corein                   ; combout          ;
; |topleveltubes|Emergency1                    ; |topleveltubes|Emergency1~corein             ; combout          ;
; |topleveltubes|Reset1~clkctrl                ; |topleveltubes|Reset1~clkctrl                ; outclk           ;
+----------------------------------------------+----------------------------------------------+------------------+


The following table displays output ports that do not toggle to 0 during simulation.
+----------------------------------------------------------------------------------------------------------------+
; Missing 0-Value Coverage                                                                                       ;
+----------------------------------------------+----------------------------------------------+------------------+
; Node Name                                    ; Output Port Name                             ; Output Port Type ;
+----------------------------------------------+----------------------------------------------+------------------+
; |topleveltubes|CLOCKDIV:Waktu|count[31]      ; |topleveltubes|CLOCKDIV:Waktu|count[31]      ; regout           ;
; |topleveltubes|CLOCKDIV:Waktu|count[1]       ; |topleveltubes|CLOCKDIV:Waktu|count[1]       ; regout           ;
; |topleveltubes|CLOCKDIV:Waktu|count[2]       ; |topleveltubes|CLOCKDIV:Waktu|count[2]       ; regout           ;
; |topleveltubes|CLOCKDIV:Waktu|count[3]       ; |topleveltubes|CLOCKDIV:Waktu|count[3]       ; regout           ;
; |topleveltubes|CLOCKDIV:Waktu|count[4]       ; |topleveltubes|CLOCKDIV:Waktu|count[4]       ; regout           ;
; |topleveltubes|CLOCKDIV:Waktu|count[5]       ; |topleveltubes|CLOCKDIV:Waktu|count[5]       ; regout           ;
; |topleveltubes|CLOCKDIV:Waktu|count[6]       ; |topleveltubes|CLOCKDIV:Waktu|count[6]       ; regout           ;
; |topleveltubes|CLOCKDIV:Waktu|count[7]       ; |topleveltubes|CLOCKDIV:Waktu|count[7]       ; regout           ;
; |topleveltubes|CLOCKDIV:Waktu|count[8]       ; |topleveltubes|CLOCKDIV:Waktu|count[8]       ; regout           ;
; |topleveltubes|CLOCKDIV:Waktu|count[9]       ; |topleveltubes|CLOCKDIV:Waktu|count[9]       ; regout           ;
; |topleveltubes|CLOCKDIV:Waktu|count[10]      ; |topleveltubes|CLOCKDIV:Waktu|count[10]      ; regout           ;
; |topleveltubes|CLOCKDIV:Waktu|count[11]      ; |topleveltubes|CLOCKDIV:Waktu|count[11]      ; regout           ;
; |topleveltubes|CLOCKDIV:Waktu|count[12]      ; |topleveltubes|CLOCKDIV:Waktu|count[12]      ; regout           ;
; |topleveltubes|CLOCKDIV:Waktu|count[13]      ; |topleveltubes|CLOCKDIV:Waktu|count[13]      ; regout           ;
; |topleveltubes|CLOCKDIV:Waktu|count[14]      ; |topleveltubes|CLOCKDIV:Waktu|count[14]      ; regout           ;
; |topleveltubes|CLOCKDIV:Waktu|count[15]      ; |topleveltubes|CLOCKDIV:Waktu|count[15]      ; regout           ;
; |topleveltubes|CLOCKDIV:Waktu|count[16]      ; |topleveltubes|CLOCKDIV:Waktu|count[16]      ; regout           ;
; |topleveltubes|CLOCKDIV:Waktu|count[17]      ; |topleveltubes|CLOCKDIV:Waktu|count[17]      ; regout           ;
; |topleveltubes|CLOCKDIV:Waktu|count[20]      ; |topleveltubes|CLOCKDIV:Waktu|count[20]      ; regout           ;
; |topleveltubes|CLOCKDIV:Waktu|count[21]      ; |topleveltubes|CLOCKDIV:Waktu|count[21]      ; regout           ;
; |topleveltubes|CLOCKDIV:Waktu|count[22]      ; |topleveltubes|CLOCKDIV:Waktu|count[22]      ; regout           ;
; |topleveltubes|CLOCKDIV:Waktu|count[23]      ; |topleveltubes|CLOCKDIV:Waktu|count[23]      ; regout           ;
; |topleveltubes|CLOCKDIV:Waktu|count[18]      ; |topleveltubes|CLOCKDIV:Waktu|count[18]      ; regout           ;
; |topleveltubes|CLOCKDIV:Waktu|count[19]      ; |topleveltubes|CLOCKDIV:Waktu|count[19]      ; regout           ;
; |topleveltubes|CLOCKDIV:Waktu|count[24]      ; |topleveltubes|CLOCKDIV:Waktu|count[24]      ; regout           ;
; |topleveltubes|CLOCKDIV:Waktu|count[25]      ; |topleveltubes|CLOCKDIV:Waktu|count[25]      ; regout           ;
; |topleveltubes|CLOCKDIV:Waktu|count[26]      ; |topleveltubes|CLOCKDIV:Waktu|count[26]      ; regout           ;
; |topleveltubes|CLOCKDIV:Waktu|count[27]      ; |topleveltubes|CLOCKDIV:Waktu|count[27]      ; regout           ;
; |topleveltubes|CLOCKDIV:Waktu|count[28]      ; |topleveltubes|CLOCKDIV:Waktu|count[28]      ; regout           ;
; |topleveltubes|CLOCKDIV:Waktu|count[29]      ; |topleveltubes|CLOCKDIV:Waktu|count[29]      ; regout           ;
; |topleveltubes|CLOCKDIV:Waktu|count[30]      ; |topleveltubes|CLOCKDIV:Waktu|count[30]      ; regout           ;
; |topleveltubes|CLOCKDIV:Waktu|count[1]~66    ; |topleveltubes|CLOCKDIV:Waktu|count[1]~67    ; cout             ;
; |topleveltubes|CLOCKDIV:Waktu|count[2]~68    ; |topleveltubes|CLOCKDIV:Waktu|count[2]~68    ; combout          ;
; |topleveltubes|CLOCKDIV:Waktu|count[2]~68    ; |topleveltubes|CLOCKDIV:Waktu|count[2]~69    ; cout             ;
; |topleveltubes|CLOCKDIV:Waktu|count[3]~70    ; |topleveltubes|CLOCKDIV:Waktu|count[3]~70    ; combout          ;
; |topleveltubes|CLOCKDIV:Waktu|count[3]~70    ; |topleveltubes|CLOCKDIV:Waktu|count[3]~71    ; cout             ;
; |topleveltubes|CLOCKDIV:Waktu|count[4]~72    ; |topleveltubes|CLOCKDIV:Waktu|count[4]~72    ; combout          ;
; |topleveltubes|CLOCKDIV:Waktu|count[4]~72    ; |topleveltubes|CLOCKDIV:Waktu|count[4]~73    ; cout             ;
; |topleveltubes|CLOCKDIV:Waktu|count[5]~74    ; |topleveltubes|CLOCKDIV:Waktu|count[5]~74    ; combout          ;
; |topleveltubes|CLOCKDIV:Waktu|count[5]~74    ; |topleveltubes|CLOCKDIV:Waktu|count[5]~75    ; cout             ;
; |topleveltubes|CLOCKDIV:Waktu|count[6]~76    ; |topleveltubes|CLOCKDIV:Waktu|count[6]~76    ; combout          ;
; |topleveltubes|CLOCKDIV:Waktu|count[6]~76    ; |topleveltubes|CLOCKDIV:Waktu|count[6]~77    ; cout             ;
; |topleveltubes|CLOCKDIV:Waktu|count[7]~78    ; |topleveltubes|CLOCKDIV:Waktu|count[7]~78    ; combout          ;
; |topleveltubes|CLOCKDIV:Waktu|count[7]~78    ; |topleveltubes|CLOCKDIV:Waktu|count[7]~79    ; cout             ;
; |topleveltubes|CLOCKDIV:Waktu|count[8]~80    ; |topleveltubes|CLOCKDIV:Waktu|count[8]~80    ; combout          ;
; |topleveltubes|CLOCKDIV:Waktu|count[8]~80    ; |topleveltubes|CLOCKDIV:Waktu|count[8]~81    ; cout             ;
; |topleveltubes|CLOCKDIV:Waktu|count[9]~82    ; |topleveltubes|CLOCKDIV:Waktu|count[9]~82    ; combout          ;
; |topleveltubes|CLOCKDIV:Waktu|count[9]~82    ; |topleveltubes|CLOCKDIV:Waktu|count[9]~83    ; cout             ;
; |topleveltubes|CLOCKDIV:Waktu|count[10]~84   ; |topleveltubes|CLOCKDIV:Waktu|count[10]~84   ; combout          ;
; |topleveltubes|CLOCKDIV:Waktu|count[10]~84   ; |topleveltubes|CLOCKDIV:Waktu|count[10]~85   ; cout             ;
; |topleveltubes|CLOCKDIV:Waktu|count[11]~86   ; |topleveltubes|CLOCKDIV:Waktu|count[11]~86   ; combout          ;
; |topleveltubes|CLOCKDIV:Waktu|count[11]~86   ; |topleveltubes|CLOCKDIV:Waktu|count[11]~87   ; cout             ;
; |topleveltubes|CLOCKDIV:Waktu|count[12]~88   ; |topleveltubes|CLOCKDIV:Waktu|count[12]~88   ; combout          ;
; |topleveltubes|CLOCKDIV:Waktu|count[12]~88   ; |topleveltubes|CLOCKDIV:Waktu|count[12]~89   ; cout             ;
; |topleveltubes|CLOCKDIV:Waktu|count[13]~90   ; |topleveltubes|CLOCKDIV:Waktu|count[13]~90   ; combout          ;
; |topleveltubes|CLOCKDIV:Waktu|count[13]~90   ; |topleveltubes|CLOCKDIV:Waktu|count[13]~91   ; cout             ;
; |topleveltubes|CLOCKDIV:Waktu|count[14]~92   ; |topleveltubes|CLOCKDIV:Waktu|count[14]~92   ; combout          ;
; |topleveltubes|CLOCKDIV:Waktu|count[14]~92   ; |topleveltubes|CLOCKDIV:Waktu|count[14]~93   ; cout             ;
; |topleveltubes|CLOCKDIV:Waktu|count[15]~94   ; |topleveltubes|CLOCKDIV:Waktu|count[15]~94   ; combout          ;
; |topleveltubes|CLOCKDIV:Waktu|count[15]~94   ; |topleveltubes|CLOCKDIV:Waktu|count[15]~95   ; cout             ;
; |topleveltubes|CLOCKDIV:Waktu|count[16]~96   ; |topleveltubes|CLOCKDIV:Waktu|count[16]~96   ; combout          ;
; |topleveltubes|CLOCKDIV:Waktu|count[16]~96   ; |topleveltubes|CLOCKDIV:Waktu|count[16]~97   ; cout             ;
; |topleveltubes|CLOCKDIV:Waktu|count[17]~98   ; |topleveltubes|CLOCKDIV:Waktu|count[17]~98   ; combout          ;
; |topleveltubes|CLOCKDIV:Waktu|count[17]~98   ; |topleveltubes|CLOCKDIV:Waktu|count[17]~99   ; cout             ;
; |topleveltubes|CLOCKDIV:Waktu|count[18]~100  ; |topleveltubes|CLOCKDIV:Waktu|count[18]~100  ; combout          ;
; |topleveltubes|CLOCKDIV:Waktu|count[18]~100  ; |topleveltubes|CLOCKDIV:Waktu|count[18]~101  ; cout             ;
; |topleveltubes|CLOCKDIV:Waktu|count[19]~102  ; |topleveltubes|CLOCKDIV:Waktu|count[19]~102  ; combout          ;
; |topleveltubes|CLOCKDIV:Waktu|count[19]~102  ; |topleveltubes|CLOCKDIV:Waktu|count[19]~103  ; cout             ;
; |topleveltubes|CLOCKDIV:Waktu|count[20]~104  ; |topleveltubes|CLOCKDIV:Waktu|count[20]~104  ; combout          ;
; |topleveltubes|CLOCKDIV:Waktu|count[20]~104  ; |topleveltubes|CLOCKDIV:Waktu|count[20]~105  ; cout             ;
; |topleveltubes|CLOCKDIV:Waktu|count[21]~106  ; |topleveltubes|CLOCKDIV:Waktu|count[21]~106  ; combout          ;
; |topleveltubes|CLOCKDIV:Waktu|count[21]~106  ; |topleveltubes|CLOCKDIV:Waktu|count[21]~107  ; cout             ;
; |topleveltubes|CLOCKDIV:Waktu|count[22]~108  ; |topleveltubes|CLOCKDIV:Waktu|count[22]~108  ; combout          ;
; |topleveltubes|CLOCKDIV:Waktu|count[22]~108  ; |topleveltubes|CLOCKDIV:Waktu|count[22]~109  ; cout             ;
; |topleveltubes|CLOCKDIV:Waktu|count[23]~110  ; |topleveltubes|CLOCKDIV:Waktu|count[23]~110  ; combout          ;
; |topleveltubes|CLOCKDIV:Waktu|count[23]~110  ; |topleveltubes|CLOCKDIV:Waktu|count[23]~111  ; cout             ;
; |topleveltubes|CLOCKDIV:Waktu|count[24]~112  ; |topleveltubes|CLOCKDIV:Waktu|count[24]~112  ; combout          ;
; |topleveltubes|CLOCKDIV:Waktu|count[24]~112  ; |topleveltubes|CLOCKDIV:Waktu|count[24]~113  ; cout             ;
; |topleveltubes|CLOCKDIV:Waktu|count[25]~114  ; |topleveltubes|CLOCKDIV:Waktu|count[25]~114  ; combout          ;
; |topleveltubes|CLOCKDIV:Waktu|count[25]~114  ; |topleveltubes|CLOCKDIV:Waktu|count[25]~115  ; cout             ;
; |topleveltubes|CLOCKDIV:Waktu|count[26]~116  ; |topleveltubes|CLOCKDIV:Waktu|count[26]~116  ; combout          ;
; |topleveltubes|CLOCKDIV:Waktu|count[26]~116  ; |topleveltubes|CLOCKDIV:Waktu|count[26]~117  ; cout             ;
; |topleveltubes|CLOCKDIV:Waktu|count[27]~118  ; |topleveltubes|CLOCKDIV:Waktu|count[27]~118  ; combout          ;
; |topleveltubes|CLOCKDIV:Waktu|count[27]~118  ; |topleveltubes|CLOCKDIV:Waktu|count[27]~119  ; cout             ;
; |topleveltubes|CLOCKDIV:Waktu|count[28]~120  ; |topleveltubes|CLOCKDIV:Waktu|count[28]~120  ; combout          ;
; |topleveltubes|CLOCKDIV:Waktu|count[28]~120  ; |topleveltubes|CLOCKDIV:Waktu|count[28]~121  ; cout             ;
; |topleveltubes|CLOCKDIV:Waktu|count[29]~122  ; |topleveltubes|CLOCKDIV:Waktu|count[29]~122  ; combout          ;
; |topleveltubes|CLOCKDIV:Waktu|count[29]~122  ; |topleveltubes|CLOCKDIV:Waktu|count[29]~123  ; cout             ;
; |topleveltubes|CLOCKDIV:Waktu|count[30]~124  ; |topleveltubes|CLOCKDIV:Waktu|count[30]~124  ; combout          ;
; |topleveltubes|CLOCKDIV:Waktu|count[30]~124  ; |topleveltubes|CLOCKDIV:Waktu|count[30]~125  ; cout             ;
; |topleveltubes|CLOCKDIV:Waktu|count[31]~126  ; |topleveltubes|CLOCKDIV:Waktu|count[31]~126  ; combout          ;
; |topleveltubes|Traffic:Lampu|CurrentState.E0 ; |topleveltubes|Traffic:Lampu|CurrentState.E0 ; regout           ;
; |topleveltubes|Traffic:Lampu|Counter[3]      ; |topleveltubes|Traffic:Lampu|Counter[3]      ; regout           ;
; |topleveltubes|Traffic:Lampu|CurrentState.E1 ; |topleveltubes|Traffic:Lampu|CurrentState.E1 ; regout           ;
; |topleveltubes|Traffic:Lampu|Selector0~1     ; |topleveltubes|Traffic:Lampu|Selector0~1     ; combout          ;
; |topleveltubes|CLOCKDIV:Waktu|LessThan0~1    ; |topleveltubes|CLOCKDIV:Waktu|LessThan0~1    ; combout          ;
; |topleveltubes|CLOCKDIV:Waktu|LessThan0~2    ; |topleveltubes|CLOCKDIV:Waktu|LessThan0~2    ; combout          ;
; |topleveltubes|CLOCKDIV:Waktu|LessThan0~3    ; |topleveltubes|CLOCKDIV:Waktu|LessThan0~3    ; combout          ;
; |topleveltubes|CLOCKDIV:Waktu|LessThan0~5    ; |topleveltubes|CLOCKDIV:Waktu|LessThan0~5    ; combout          ;
; |topleveltubes|CLOCKDIV:Waktu|LessThan0~6    ; |topleveltubes|CLOCKDIV:Waktu|LessThan0~6    ; combout          ;
; |topleveltubes|CLOCKDIV:Waktu|LessThan0~7    ; |topleveltubes|CLOCKDIV:Waktu|LessThan0~7    ; combout          ;
; |topleveltubes|CLOCKDIV:Waktu|LessThan0~8    ; |topleveltubes|CLOCKDIV:Waktu|LessThan0~8    ; combout          ;
; |topleveltubes|CLOCKDIV:Waktu|LessThan0~9    ; |topleveltubes|CLOCKDIV:Waktu|LessThan0~9    ; combout          ;
; |topleveltubes|Traffic:Lampu|Counter[3]~44   ; |topleveltubes|Traffic:Lampu|Counter[3]~44   ; combout          ;
; |topleveltubes|Traffic:Lampu|Selector4~0     ; |topleveltubes|Traffic:Lampu|Selector4~0     ; combout          ;
; |topleveltubes|Traffic:Lampu|Selector4~1     ; |topleveltubes|Traffic:Lampu|Selector4~1     ; combout          ;
; |topleveltubes|Traffic:Lampu|Selector5~1     ; |topleveltubes|Traffic:Lampu|Selector5~1     ; combout          ;
; |topleveltubes|Reset1                        ; |topleveltubes|Reset1~corein                 ; combout          ;
; |topleveltubes|Day1                          ; |topleveltubes|Day1~corein                   ; combout          ;
; |topleveltubes|Emergency1                    ; |topleveltubes|Emergency1~corein             ; combout          ;
; |topleveltubes|Reset1~clkctrl                ; |topleveltubes|Reset1~clkctrl                ; outclk           ;
+----------------------------------------------+----------------------------------------------+------------------+


+---------------------+
; Simulator INI Usage ;
+--------+------------+
; Option ; Usage      ;
+--------+------------+


+--------------------+
; Simulator Messages ;
+--------------------+
Info: *******************************************************************
Info: Running Quartus II Simulator
    Info: Version 9.0 Build 235 06/17/2009 Service Pack 2 SJ Web Edition
    Info: Processing started: Sun Nov 17 20:11:10 2019
Info: Command: quartus_sim --read_settings_files=on --write_settings_files=off topleveltubes -c topleveltubes
Info: Using vector source file "C:/Users/DAVID/Documents/REPO/vhdl/SistemDigital_VHDL/simulate.vwf"
Info: Overwriting simulation input file with simulation results
    Info: A backup of simulate.vwf called topleveltubes.sim_ori.vwf has been created in the db folder
Info: Option to preserve fewer signal transitions to reduce memory requirements is enabled
    Info: Simulation has been partitioned into sub-simulations according to the maximum transition count determined by the engine. Transitions from memory will be flushed out to disk at the end of each sub-simulation to reduce memory requirements.
Info: Simulation partitioned into 1 sub-simulations
Info: Simulation coverage is      33.93 %
Info: Number of transitions in simulation is 1706
Info: Vector file simulate.vwf is saved in VWF text format. You can compress it into CVWF format in order to reduce file size. For more details please refer to the Quartus II Help.
Info: Quartus II Simulator was successful. 0 errors, 0 warnings
    Info: Peak virtual memory: 177 megabytes
    Info: Processing ended: Sun Nov 17 20:11:11 2019
    Info: Elapsed time: 00:00:01
    Info: Total CPU time (on all processors): 00:00:00


